{
  "schemaVersion": "velmere.pass36.a85.shield-pro-map-full-depth-verification.v1",
  "revisionId": "VELMERE_PASS36_A85R0_SHIELD_PRO_AND_SHIELD_MAP_FULL_DEPTH_IDENTITY_ENTITLEMENT_MATRIX",
  "status": "PASS_A85_LOCAL_SHIELD_PRO_MAP_VERIFICATION_NO_PROMOTION",
  "checks": 19,
  "passed": 19,
  "failed": 0,
  "failures": [],
  "fixtureDenominators": {
    "activeAssets": 318,
    "tierPackets": 954,
    "surfaceProjections": 1908,
    "terminalTimeframeRows": 5724,
    "investigatorLaneRows": 5724,
    "semanticMutations": 15264,
    "mutationKilled": 15264
  },
  "pagination": {
    "rows": 318,
    "pagesFetched": 2,
    "pageSizes": [
      250,
      68
    ],
    "complete": true,
    "repeatedPageRejected": true,
    "laterFailureExplicitPartial": true
  },
  "readiness": {
    "basic": {
      "shieldProFunctionalReadyOffline": 241,
      "shieldMapFunctionalReadyOffline": 241,
      "paidDelivered": 0
    },
    "pro": {
      "shieldProFunctionalReadyOffline": 111,
      "shieldMapFunctionalReadyOffline": 64,
      "paidDelivered": 0
    },
    "advanced": {
      "shieldProFunctionalReadyOffline": 93,
      "shieldMapFunctionalReadyOffline": 29,
      "paidDelivered": 0
    }
  },
  "realIntake": {
    "decision": "BLOCKED_REAL_SHIELD_PRO_MAP_EVIDENCE",
    "requiredAssets": 318,
    "activeAssetDenominator": 318,
    "denominatorValid": true,
    "evidenceCompleteAssets": 0,
    "unavailableOrBlockedAssets": 318,
    "fullCatalogPagesVerified": 0,
    "exactMarketIdentityAssets": 0,
    "exactChainAddressBindings": 0,
    "signedCurrentLabelAssets": 0,
    "orderBookDepthAssets": 0,
    "productionBrowserAssets": 0,
    "serverEntitlementAssets": 0,
    "rightsApprovedAssets": 0,
    "customerValueLabeledAssets": 0,
    "paidGateEligible": false,
    "liveProven": false,
    "saleEnabled": false
  },
  "exactA80CandidateBound": false,
  "currentPublicNetworkExecuted": false,
  "productionBrowserExecuted": false,
  "realEntitlementsVerified": 0,
  "customerValueProven": false,
  "liveProven": false,
  "saleEnabled": false,
  "truthBoundary": "A85 proves local injected full-catalog Shield Pro and Shield Map identity, pagination, binding, depth, lane and entitlement semantics. It does not prove current public-network coverage, rights, real account entitlements, production browser behavior, customer value, LIVE or sale readiness."
}
