{
  "schemaVersion": "velmere.pass36.a87.verifier.v1",
  "revisionId": "VELMERE_PASS36_A87R0_MARKET_IMPACT_WHALE_WATCH_COMMON_DENOMINATOR_AND_REAL_EVIDENCE_TRUTH_LEDGER",
  "status": "PASS_A87_LOCAL_MATRIX_NO_PROMOTION",
  "summary": {
    "checks": 19,
    "passed": 19,
    "failed": 0
  },
  "failures": [],
  "checks": [
    {
      "id": "receipt:schema",
      "passed": true,
      "detail": "velmere.pass36.a87.market-impact-whale-watch-test-receipt.v1"
    },
    {
      "id": "receipt:revision",
      "passed": true,
      "detail": "VELMERE_PASS36_A87R0_MARKET_IMPACT_WHALE_WATCH_COMMON_DENOMINATOR_AND_REAL_EVIDENCE_TRUTH_LEDGER"
    },
    {
      "id": "receipt:status",
      "passed": true,
      "detail": "PASS_A87_LOCAL_COMMON_DENOMINATOR_NO_PROMOTION"
    },
    {
      "id": "receipt:checks",
      "passed": true,
      "detail": {
        "checks": 31,
        "passed": 31,
        "failed": 0
      }
    },
    {
      "id": "runtime:verified",
      "passed": true,
      "detail": {
        "activeAssets": 318,
        "surfaces": 2,
        "tierPackets": 1908,
        "channelProjections": 7632,
        "marketImpactVenueSnapshots": 1042,
        "marketImpactReplayPairs": 308,
        "whaleHolderRows": 4600,
        "whaleTransferRows": 7200,
        "walletLabelArtifacts": 1200,
        "semanticMutations": 34344,
        "mutationKilled": 34344
      }
    },
    {
      "id": "runtime:digest",
      "passed": true,
      "detail": {
        "runtime": "05e5129b3627eb1e1b7eb5946fdbbad31303724b1e492cb967d7e5ec49014579",
        "receipt": "05e5129b3627eb1e1b7eb5946fdbbad31303724b1e492cb967d7e5ec49014579"
      }
    },
    {
      "id": "runtime:denominators",
      "passed": true,
      "detail": {
        "activeAssets": 318,
        "surfaces": 2,
        "tierPackets": 1908,
        "channelProjections": 7632,
        "marketImpactVenueSnapshots": 1042,
        "marketImpactReplayPairs": 308,
        "whaleHolderRows": 4600,
        "whaleTransferRows": 7200,
        "walletLabelArtifacts": 1200,
        "semanticMutations": 34344,
        "mutationKilled": 34344
      }
    },
    {
      "id": "runtime:readiness",
      "passed": true,
      "detail": {
        "runtime": {
          "market_impact": {
            "basic": {
              "functionalReadyOffline": 307,
              "unavailable": 11,
              "productionEligible": 0
            },
            "pro": {
              "functionalReadyOffline": 290,
              "unavailable": 28,
              "productionEligible": 0
            },
            "advanced": {
              "functionalReadyOffline": 245,
              "unavailable": 73,
              "productionEligible": 0
            }
          },
          "whale_watch": {
            "basic": {
              "functionalReadyOffline": 230,
              "unavailable": 88,
              "productionEligible": 0
            },
            "pro": {
              "functionalReadyOffline": 150,
              "unavailable": 168,
              "productionEligible": 0
            },
            "advanced": {
              "functionalReadyOffline": 85,
              "unavailable": 233,
              "productionEligible": 0
            }
          }
        },
        "receipt": {
          "market_impact": {
            "basic": {
              "functionalReadyOffline": 307,
              "unavailable": 11,
              "productionEligible": 0
            },
            "pro": {
              "functionalReadyOffline": 290,
              "unavailable": 28,
              "productionEligible": 0
            },
            "advanced": {
              "functionalReadyOffline": 245,
              "unavailable": 73,
              "productionEligible": 0
            }
          },
          "whale_watch": {
            "basic": {
              "functionalReadyOffline": 230,
              "unavailable": 88,
              "productionEligible": 0
            },
            "pro": {
              "functionalReadyOffline": 150,
              "unavailable": 168,
              "productionEligible": 0
            },
            "advanced": {
              "functionalReadyOffline": 85,
              "unavailable": 233,
              "productionEligible": 0
            }
          }
        }
      }
    },
    {
      "id": "runtime:market",
      "passed": true,
      "detail": {
        "basic": {
          "functionalReadyOffline": 307,
          "unavailable": 11,
          "productionEligible": 0
        },
        "pro": {
          "functionalReadyOffline": 290,
          "unavailable": 28,
          "productionEligible": 0
        },
        "advanced": {
          "functionalReadyOffline": 245,
          "unavailable": 73,
          "productionEligible": 0
        }
      }
    },
    {
      "id": "runtime:whale",
      "passed": true,
      "detail": {
        "basic": {
          "functionalReadyOffline": 230,
          "unavailable": 88,
          "productionEligible": 0
        },
        "pro": {
          "functionalReadyOffline": 150,
          "unavailable": 168,
          "productionEligible": 0
        },
        "advanced": {
          "functionalReadyOffline": 85,
          "unavailable": 233,
          "productionEligible": 0
        }
      }
    },
    {
      "id": "runtime:mutations",
      "passed": true,
      "detail": {
        "tier_swap": {
          "killed": 1908,
          "survived": 0
        },
        "surface_swap": {
          "killed": 1908,
          "survived": 0
        },
        "asset_identity_swap": {
          "killed": 1908,
          "survived": 0
        },
        "source_result_digest_swap": {
          "killed": 1908,
          "survived": 0
        },
        "source_tier_digest_swap": {
          "killed": 1908,
          "survived": 0
        },
        "analysis_decision_promotion": {
          "killed": 1908,
          "survived": 0
        },
        "delivery_decision_promotion": {
          "killed": 1908,
          "survived": 0
        },
        "http_status_promotion": {
          "killed": 1908,
          "survived": 0
        },
        "blocker_removal": {
          "killed": 1908,
          "survived": 0
        },
        "evidence_count_inflation": {
          "killed": 1908,
          "survived": 0
        },
        "provider_quorum_inflation": {
          "killed": 1908,
          "survived": 0
        },
        "binding_or_replay_promotion": {
          "killed": 1908,
          "survived": 0
        },
        "evidence_digest_swap": {
          "killed": 1908,
          "survived": 0
        },
        "projection_adds_fact": {
          "killed": 1908,
          "survived": 0
        },
        "projection_source_swap": {
          "killed": 1908,
          "survived": 0
        },
        "paid_gate_enable": {
          "killed": 1908,
          "survived": 0
        },
        "live_enable": {
          "killed": 1908,
          "survived": 0
        },
        "sale_enable": {
          "killed": 1908,
          "survived": 0
        }
      }
    },
    {
      "id": "runtime:invariants",
      "passed": true,
      "detail": {
        "duplicatePacketIds": 0,
        "missingAssets": 0,
        "tierMonotonicityFailures": 0,
        "packetSemanticFailures": 0,
        "projectionParityFailures": 0,
        "truthBoundaryFailures": 0,
        "mutationSurvivors": 0
      }
    },
    {
      "id": "runtime:locks",
      "passed": true,
      "detail": null
    },
    {
      "id": "real:blocked",
      "passed": true,
      "detail": {
        "decision": "BLOCKED_REAL_MARKET_IMPACT_WHALE_EVIDENCE",
        "rows": 0,
        "fullyVerified": 0,
        "rightsApproved": 0,
        "currentBooks": 0,
        "realizedSlippage": 0,
        "exactBindings": 0,
        "currentHolderTransferLabels": 0,
        "monitoringWindows": 0,
        "paidGateEligible": false,
        "liveProven": false,
        "saleEnabled": false
      }
    },
    {
      "id": "state:revision",
      "passed": true,
      "detail": "VELMERE_PASS36_A87R0_MARKET_IMPACT_WHALE_WATCH_COMMON_DENOMINATOR_AND_REAL_EVIDENCE_TRUTH_LEDGER"
    },
    {
      "id": "state:truth",
      "passed": true,
      "detail": {
        "schemaVersion": "velmere.pass36.a87.current-state.v1",
        "revisionId": "VELMERE_PASS36_A87R0_MARKET_IMPACT_WHALE_WATCH_COMMON_DENOMINATOR_AND_REAL_EVIDENCE_TRUTH_LEDGER",
        "parentRevisionId": "VELMERE_PASS36_A86R0_REAL_MARKETS_CROSS_ASSET_FULL_MATRIX_AND_DATA_RIGHTS_TRUTH_LEDGER",
        "decision": "NO_GO",
        "closedGaps": 33,
        "activeAssets": 318,
        "tierPackets": 1908,
        "semanticMutations": 34344,
        "realEvidenceRows": 0,
        "legalRegulatoryDecisionDenominator": 20,
        "legalRegulatoryDecisionsSigned": 0,
        "providerRightsApproved": false,
        "realizedExecutionValidated": false,
        "continuousMonitoringExecuted": false,
        "paidGateEligible": false,
        "liveProven": false,
        "saleEnabled": false,
        "worldClassProven": false,
        "finalLocalEvidence": {
          "a87TestChecks": 31,
          "a87VerifierChecks": 19,
          "a87DescendantChecks": 19,
          "cleanUnpackGroups": 39,
          "cleanUnpackPassed": 39,
          "cleanUnpackFailed": 0,
          "currentRootSuites": 30,
          "currentRootPassed": 24,
          "currentRootBlocked": 6,
          "currentRootSemanticFailures": 0,
          "sourceImmutable": true,
          "a57AcceptanceChecks": 1138,
          "protectedIntegrityRows": 1073,
          "routeDispatchChecks": 1320,
          "staticControlPlaneChecks": 567,
          "sourceAuditFilesRead": 4527,
          "sourceAuditCodeFiles": 2793,
          "sourceAuditSyntaxErrors": 0,
          "sourceAuditLocalImports": 6896,
          "sourceAuditMissingImports": 0
        }
      }
    },
    {
      "id": "policy:gaps",
      "passed": true,
      "detail": 33
    },
    {
      "id": "policy:real-index",
      "passed": true,
      "detail": {
        "path": "config/pass36/a87-real-evidence-index.json",
        "sha256": "2172528b32929dfd8bb1003a7fca55b8a07bee5b5d5ac61f7e97cf140f74d847"
      }
    },
    {
      "id": "truth:no-promotion",
      "passed": true,
      "detail": null
    }
  ]
}
