{
  "schemaVersion": "velmere.pass36.a88.verifier.v1",
  "revisionId": "VELMERE_PASS36_A88R0_BRAIN_ANGEL_RISK_MULTILINGUAL_ADVERSARIAL_EVAL_AND_ADVICE_BOUNDARY",
  "status": "PASS_A88_LOCAL_MATRIX_NO_PROMOTION",
  "summary": {
    "checks": 20,
    "passed": 20,
    "failed": 0
  },
  "failures": [],
  "checks": [
    {
      "id": "receipt:schema",
      "passed": true,
      "detail": "velmere.pass36.a88.brain-angel-risk-eval-test-receipt.v1"
    },
    {
      "id": "receipt:revision",
      "passed": true,
      "detail": "VELMERE_PASS36_A88R0_BRAIN_ANGEL_RISK_MULTILINGUAL_ADVERSARIAL_EVAL_AND_ADVICE_BOUNDARY"
    },
    {
      "id": "receipt:status",
      "passed": true,
      "detail": "PASS_A88_LOCAL_MULTILINGUAL_ADVERSARIAL_EVAL_NO_PROMOTION"
    },
    {
      "id": "receipt:checks",
      "passed": true,
      "detail": {
        "checks": 61,
        "passed": 61,
        "failed": 0
      }
    },
    {
      "id": "runtime:verified",
      "passed": true,
      "detail": {
        "cases": 360,
        "locales": 3,
        "families": 15,
        "surfaces": 3,
        "tiers": 3,
        "channelProjections": 1800,
        "semanticMutations": 5760,
        "mutationKilled": 5760,
        "mismatchCount": 0
      }
    },
    {
      "id": "runtime:digest",
      "passed": true,
      "detail": null
    },
    {
      "id": "runtime:denominators",
      "passed": true,
      "detail": {
        "cases": 360,
        "locales": 3,
        "families": 15,
        "surfaces": 3,
        "tiers": 3,
        "channelProjections": 1800,
        "semanticMutations": 5760,
        "mutationKilled": 5760,
        "mismatchCount": 0
      }
    },
    {
      "id": "runtime:distribution",
      "passed": true,
      "detail": {
        "locale": {
          "pl": 120,
          "en": 120,
          "de": 120
        },
        "family": {
          "clean_grounded": 24,
          "material_contradiction": 24,
          "direct_prompt_injection": 24,
          "rag_instruction_poisoning": 24,
          "tool_injection": 24,
          "memory_poisoning": 24,
          "system_prompt_exfiltration": 24,
          "individualized_trading_advice": 24,
          "individualized_legal_advice": 24,
          "evasion_concealment": 24,
          "guarantee_certification": 24,
          "uncalibrated_probability": 24,
          "entitlement_bypass": 24,
          "stale_missing_evidence": 24,
          "locale_tier_parameter_shadowing": 24
        }
      }
    },
    {
      "id": "runtime:invariants",
      "passed": true,
      "detail": {
        "decisionMismatches": 0,
        "projectionFactAdditions": 0,
        "individualizedAdviceLeaks": 0,
        "legalConclusionLeaks": 0,
        "uncalibratedProbabilityLeaks": 0,
        "livePromotions": 0,
        "salePromotions": 0,
        "mutationSurvivors": 0
      }
    },
    {
      "id": "runtime:mutations",
      "passed": true,
      "detail": {
        "decision_promotion": {
          "generated": 360,
          "killed": 360,
          "survived": 0
        },
        "security_flag_drop": {
          "generated": 360,
          "killed": 360,
          "survived": 0
        },
        "advice_flag_drop": {
          "generated": 360,
          "killed": 360,
          "survived": 0
        },
        "source_poison_drop": {
          "generated": 360,
          "killed": 360,
          "survived": 0
        },
        "contradiction_drop": {
          "generated": 360,
          "killed": 360,
          "survived": 0
        },
        "stale_to_current": {
          "generated": 360,
          "killed": 360,
          "survived": 0
        },
        "entitlement_unlock": {
          "generated": 360,
          "killed": 360,
          "survived": 0
        },
        "tier_swap": {
          "generated": 360,
          "killed": 360,
          "survived": 0
        },
        "locale_swap": {
          "generated": 360,
          "killed": 360,
          "survived": 0
        },
        "surface_swap": {
          "generated": 360,
          "killed": 360,
          "survived": 0
        },
        "projection_adds_fact": {
          "generated": 360,
          "killed": 360,
          "survived": 0
        },
        "probability_promotion": {
          "generated": 360,
          "killed": 360,
          "survived": 0
        },
        "legal_conclusion_promotion": {
          "generated": 360,
          "killed": 360,
          "survived": 0
        },
        "trade_instruction_promotion": {
          "generated": 360,
          "killed": 360,
          "survived": 0
        },
        "live_enable": {
          "generated": 360,
          "killed": 360,
          "survived": 0
        },
        "sale_enable": {
          "generated": 360,
          "killed": 360,
          "survived": 0
        }
      }
    },
    {
      "id": "runtime:no-promotion",
      "passed": true,
      "detail": null
    },
    {
      "id": "real:blocked",
      "passed": true,
      "detail": {
        "decision": "BLOCKED_REAL_BRAIN_ANGEL_RISK_EVAL",
        "rows": 0,
        "fullyVerified": 0,
        "required": 300
      }
    },
    {
      "id": "state:revision",
      "passed": true,
      "detail": "VELMERE_PASS36_A88R0_BRAIN_ANGEL_RISK_MULTILINGUAL_ADVERSARIAL_EVAL_AND_ADVICE_BOUNDARY"
    },
    {
      "id": "state:truth",
      "passed": true,
      "detail": {
        "schemaVersion": "velmere.pass36.a88.current-state.v1",
        "revisionId": "VELMERE_PASS36_A88R0_BRAIN_ANGEL_RISK_MULTILINGUAL_ADVERSARIAL_EVAL_AND_ADVICE_BOUNDARY",
        "parentRevisionId": "VELMERE_PASS36_A87R0_MARKET_IMPACT_WHALE_WATCH_COMMON_DENOMINATOR_AND_REAL_EVIDENCE_TRUTH_LEDGER",
        "decision": "NO_GO",
        "closedGaps": 41,
        "syntheticCases": 360,
        "locales": 3,
        "families": 15,
        "surfaces": 3,
        "tiers": 3,
        "channelProjections": 1800,
        "semanticMutations": 5760,
        "mutationKilled": 5760,
        "realEvalCasesVerified": 0,
        "realModelExecutions": 0,
        "rightsApprovedCases": 0,
        "independentAdjudications": 0,
        "customerDecisionUtilityLabels": 0,
        "realCalibrationWindowsClosed": 0,
        "legalRegulatoryDecisionDenominator": 20,
        "legalRegulatoryDecisionsSigned": 0,
        "paidGateEligible": false,
        "liveProven": false,
        "saleEnabled": false,
        "worldClassProven": false,
        "finalLocalEvidence": {
          "a88TestChecks": 59,
          "a88VerifierChecks": 20,
          "a88DescendantChecks": 19,
          "a87HistoricalDescendantChecks": 22,
          "cleanUnpackGroups": 41,
          "cleanUnpackPassed": 41,
          "cleanUnpackFailed": 0,
          "currentRootSuites": 30,
          "currentRootPassed": 24,
          "currentRootBlocked": 6,
          "currentRootSemanticFailures": 0,
          "sourceImmutable": true,
          "a57AcceptanceChecks": 1138,
          "protectedIntegrityRows": 1073,
          "routeDispatchChecks": 1320,
          "staticControlPlaneChecks": 567,
          "productTierChecks": 186,
          "zeroBudgetChecks": 439,
          "sourceAuditFilesRead": 4545,
          "sourceAuditCodeFiles": 2802,
          "sourceAuditSyntaxErrors": 0,
          "sourceAuditLocalImports": 6914,
          "sourceAuditMissingImports": 0,
          "sourceAuditCssReferences": 758,
          "sourceAuditMissingCssClasses": 0,
          "exactNodeRequired": "24.18.0",
          "observedNode": "22.16.0",
          "exactRuntimeExecuted": false
        }
      }
    },
    {
      "id": "program:revision",
      "passed": true,
      "detail": {
        "revision": "VELMERE_PASS36_A88R0_BRAIN_ANGEL_RISK_MULTILINGUAL_ADVERSARIAL_EVAL_AND_ADVICE_BOUNDARY",
        "parent": "VELMERE_PASS36_A87R0_MARKET_IMPACT_WHALE_WATCH_COMMON_DENOMINATOR_AND_REAL_EVIDENCE_TRUTH_LEDGER"
      }
    },
    {
      "id": "program:horizon",
      "passed": true,
      "detail": {
        "firstPass": 76,
        "lastPlannedPass": 116,
        "plannedPassCount": 41,
        "legacyBaseRange": "A76-A110",
        "legacyBaseRemainingAfterA85": 25,
        "requiredFinalWave": "A111-A116",
        "remainingAfterA81": 35,
        "remainingAfterA82": 34,
        "remainingAfterA83": 33,
        "remainingAfterA84": 32,
        "remainingAfterA85": 31,
        "remainingAfterA86": 30,
        "completedThrough": 88,
        "remainingPasses": 28,
        "remainingAfterA87": 29,
        "remainingAfterA88": 28
      }
    },
    {
      "id": "program:a88",
      "passed": true,
      "detail": null
    },
    {
      "id": "policy:gaps",
      "passed": true,
      "detail": 41
    },
    {
      "id": "policy:intake-hash",
      "passed": true,
      "detail": null
    },
    {
      "id": "truth:no-promotion",
      "passed": true,
      "detail": null
    }
  ]
}
