{
  "schemaVersion": "velmere.p78r6.import-symbol-binding-static.v1",
  "status": "PASS",
  "checkCount": 57,
  "checks": [
    "parent_identity:fileCount",
    "parent_identity:payloadBytes",
    "parent_identity:pathSetSha256",
    "parent_identity:sourceContentAggregateSha256",
    "file_count_unchanged",
    "pathset_unchanged",
    "payload_changed",
    "aggregate_changed",
    "exact_one_product_file_changed",
    "only_detector_changed",
    "detector_manifest_bytes_match",
    "detector_manifest_sha_match",
    "import_binding_type_present",
    "all_supported_import_forms_enumerated",
    "exact_oz_path_constant",
    "import_binding_parser_present",
    "bound_import_filter_present",
    "comments_stripped_before_import_parse",
    "selective_alias_local_symbol_derived",
    "namespace_local_symbol_derived",
    "legacy_namespace_local_symbol_derived",
    "same_unit_exact_inheritance_symbol_binding_required",
    "authenticator_consumes_bound_imports",
    "oz_auth_requires_bound_import",
    "bound_import_yields_verified_oz_state",
    "decoy_name_still_fail_closed_capable",
    "qualified_inheritance_base_parser_present",
    "r4_target_selector_preserved",
    "r4_inheritance_closure_preserved",
    "r5_authenticator_preserved",
    "r5_semantic_auth_fallback_preserved",
    "semantic_trusted_forwarder_gate_preserved",
    "name_only_blocker_preserved",
    "authenticity_blocker_preserved",
    "correlated_evidence_refs_preserved",
    "report_raw_source_free",
    "safe_correlation_auth_metadata_preserved",
    "runtime_exploit_blocker_preserved",
    "bytecode_equivalence_blocker_preserved",
    "truth_boundary_preserved",
    "withheld:runtime exploitability proof",
    "withheld:deployed bytecode equivalence",
    "withheld:formal detector accuracy",
    "withheld:Customer FINAL",
    "withheld:Audit FINAL PDF",
    "withheld:paid value",
    "withheld:sale eligibility",
    "withheld:LIVE",
    "zero_runtime_exploitability",
    "zero_deployed_bytecode_equivalence",
    "zero_formal_accuracy",
    "zero_customer_final",
    "zero_audit_pdf",
    "rights_unchanged",
    "zero_paid_value",
    "zero_sale",
    "zero_live"
  ],
  "projection": {
    "fileCount": 1602,
    "payloadBytes": 21071356,
    "pathSetSha256": "214c0ad793a36a61c5290baeb104d2e671387df5c07e42862143861aa13ef66f",
    "sourceContentAggregateSha256": "ed50bfc50e677687b7d5d970b94e6a9b1fb45e67ed1fe98e3d51b31710a5ed22",
    "includedRoots": [
      "app",
      "components",
      "lib",
      "store",
      "data",
      "messages",
      "config/pass21",
      "config/pass35",
      "config/pass36"
    ],
    "purpose": "Bind OpenZeppelin ERC2771Context authenticity to the exact local import symbol actually used by a target-inheritance edge in the same correlated source unit; unused/aliased decoy imports cannot authenticate another local context.",
    "excludedFromCredit": [
      "runtime exploitability proof",
      "deployed bytecode equivalence",
      "formal detector accuracy",
      "Customer FINAL",
      "Audit FINAL PDF",
      "rights expansion",
      "paid value",
      "sale eligibility",
      "LIVE",
      "world-class proof"
    ]
  },
  "truthBoundary": "Static proof covers exact-path import parsing, local-symbol derivation, same-unit inheritance binding, preservation of R4/R5 fail-closed controls and zero promotion. Runtime behavior remains a separate gate."
}
