{
  "schemaVersion": "velmere.pass36.a58.r44p46-release-integrity-verification.v1",
  "revisionId": "VELMERE_PASS36_A58R0_RELEASE_INTEGRITY_FINAL_BYTE_BINDING",
  "sourceRevisionId": "VELMERE_PASS36_A102R44P46_ACTION_REQUIRED_LEGACY_MULTIPLICATION_ECONOMIC_SINK_TRUTH_REBASE_NO_LIVE_CREDIT",
  "sourceParentRevisionId": "VELMERE_PASS36_A102R44P45_ACTION_REQUIRED_CONTINUOUS_CURRENT_STATE_CONTEXT_QUALIFIED_INTERACTION_ORDERING_PUBLIC_CONTROL_DELTA_NO_LIVE_CREDIT",
  "profile": "R44P46_SOURCE_ONLY_MANIFEST_V1",
  "status": "PASS_R44P46_RELEASE_INTEGRITY_NO_PROMOTION",
  "passed": true,
  "promotionAllowed": false,
  "productionApproved": false,
  "exactFinalByteBuildExecuted": false,
  "browserExecuted": false,
  "historicalArtifactRecoveryComplete": false,
  "historicalRecoveryRequiredForCurrentSourceIntegrity": false,
  "sourceAuthority": {
    "passed": true,
    "errorCode": null,
    "mismatchIds": [],
    "manifestPath": "_velmere/PASS36_A102R44P46_SOURCE_ONLY_MANIFEST.json",
    "manifestSchema": "velmere.pass36.a102r44p46.source-manifest.v1",
    "manifestFileSha256": "1214d67066c228e0a60cf0bc1dda34b6cb184b011f411f49686d07ee8bc23229",
    "manifestDigestSha256": "7e815edb7c6ddc0097009b5046787e2dd2dc6c6002990b33b96c0c3db1b6e28b",
    "sourceFingerprint": "fb12b722c3d6e87e435189660fe0f850b1c87980dab931f4ff2cc68f31caa610",
    "payload": {
      "fileCount": 6665,
      "byteLength": 195238242,
      "pathSetSha256": "ab7049a056d7a9428c72455603a7dccfe326cce206ec3ef081201698653b6feb",
      "aggregateSha256": "fb12b722c3d6e87e435189660fe0f850b1c87980dab931f4ff2cc68f31caa610"
    }
  },
  "sourceRoot": {
    "passed": true,
    "errorCode": null,
    "manifestPath": "_velmere/PASS36_A102R44P46_SOURCE_ONLY_MANIFEST.json",
    "manifestSchema": "velmere.pass36.a102r44p46.source-manifest.v1",
    "manifestFileSha256": "1214d67066c228e0a60cf0bc1dda34b6cb184b011f411f49686d07ee8bc23229",
    "manifestDigestSha256": "7e815edb7c6ddc0097009b5046787e2dd2dc6c6002990b33b96c0c3db1b6e28b",
    "sourceFingerprint": "fb12b722c3d6e87e435189660fe0f850b1c87980dab931f4ff2cc68f31caa610",
    "pathSetSha256": "ab7049a056d7a9428c72455603a7dccfe326cce206ec3ef081201698653b6feb",
    "fileCount": 6665,
    "payloadBytes": 195238242,
    "canonicalFileFields": [
      "path",
      "byteLength",
      "sha256"
    ],
    "legacyManifestShapeAccepted": false
  },
  "summary": {
    "checks": 11,
    "passed": 11,
    "failed": 0,
    "blockingFailed": 0
  },
  "checks": [
    {
      "id": "r44p46-policy-schema",
      "ok": true,
      "blocking": true,
      "detail": {
        "observed": "velmere.pass36.a58.release-integrity-policy.v1",
        "expected": "velmere.pass36.a58.release-integrity-policy.v1"
      }
    },
    {
      "id": "r44p46-policy-identity",
      "ok": true,
      "blocking": true,
      "detail": {
        "revisionId": "VELMERE_PASS36_A58R0_RELEASE_INTEGRITY_FINAL_BYTE_BINDING",
        "currentCheckpointRevisionId": "VELMERE_PASS36_A102R44P46_ACTION_REQUIRED_LEGACY_MULTIPLICATION_ECONOMIC_SINK_TRUTH_REBASE_NO_LIVE_CREDIT",
        "currentSourceRevisionId": "VELMERE_PASS36_A102R44P46_ACTION_REQUIRED_LEGACY_MULTIPLICATION_ECONOMIC_SINK_TRUTH_REBASE_NO_LIVE_CREDIT",
        "currentCheckpointParentRevisionId": "VELMERE_PASS36_A102R44P45_ACTION_REQUIRED_CONTINUOUS_CURRENT_STATE_CONTEXT_QUALIFIED_INTERACTION_ORDERING_PUBLIC_CONTROL_DELTA_NO_LIVE_CREDIT"
      }
    },
    {
      "id": "r44p46-policy-manifest-contract",
      "ok": true,
      "blocking": true,
      "detail": {
        "manifestPath": "_velmere/PASS36_A102R44P46_SOURCE_ONLY_MANIFEST.json",
        "schemaVersion": "velmere.pass36.a102r44p46.source-manifest.v1",
        "fileFields": [
          "path",
          "byteLength",
          "sha256"
        ]
      }
    },
    {
      "id": "r44p46-policy-authority-verifier-contract",
      "ok": true,
      "blocking": true,
      "detail": {
        "verifierPath": "scripts/pass36/verify-a102r44p46-current-source-authority.mjs",
        "expectedStatus": "PASS_A102R44P46_CURRENT_SOURCE_AUTHORITY_EXACT_NO_LIVE_OR_SALE_CREDIT"
      }
    },
    {
      "id": "r44p46-policy-truth-boundary",
      "ok": true,
      "blocking": true,
      "detail": {
        "truthBoundaryPresent": true
      }
    },
    {
      "id": "r44p46-current-authority-exact",
      "ok": true,
      "blocking": true,
      "detail": {
        "errorCode": null,
        "passed": true,
        "mismatchIds": []
      }
    },
    {
      "id": "r44p46-source-root-canonical-manifest",
      "ok": true,
      "blocking": true,
      "detail": {
        "errorCode": null,
        "schemaVersion": "velmere.pass36.a102r44p46.source-manifest.v1",
        "revisionId": "VELMERE_PASS36_A102R44P46_ACTION_REQUIRED_LEGACY_MULTIPLICATION_ECONOMIC_SINK_TRUTH_REBASE_NO_LIVE_CREDIT"
      }
    },
    {
      "id": "r44p46-authority-source-root-binding",
      "ok": true,
      "blocking": true,
      "detail": {
        "authorityManifestFileSha256": "1214d67066c228e0a60cf0bc1dda34b6cb184b011f411f49686d07ee8bc23229",
        "sourceManifestFileSha256": "1214d67066c228e0a60cf0bc1dda34b6cb184b011f411f49686d07ee8bc23229",
        "authoritySourceFingerprint": "fb12b722c3d6e87e435189660fe0f850b1c87980dab931f4ff2cc68f31caa610",
        "sourceRootFingerprint": "fb12b722c3d6e87e435189660fe0f850b1c87980dab931f4ff2cc68f31caa610"
      }
    },
    {
      "id": "r44p46-manifest-truth-boundary",
      "ok": true,
      "blocking": true,
      "detail": {
        "checkpointClass": "ACTION_REQUIRED_NON_PASS",
        "globalDecision": "NO_GO",
        "live": false,
        "saleEnabled": false,
        "productionApproved": false,
        "worldClassProven": false
      }
    },
    {
      "id": "r44p46-source-fingerprint",
      "ok": true,
      "blocking": true,
      "detail": {
        "fileCount": 6665,
        "payloadBytes": 195238242
      }
    },
    {
      "id": "r44p46-no-legacy-manifest-shape",
      "ok": true,
      "blocking": true,
      "detail": {
        "filesField": true,
        "legacyEntriesField": false,
        "legacyNormalizedTimestampField": false
      }
    }
  ],
  "blockers": [
    "EXACT_FINAL_BYTE_BUILD_NOT_EXECUTED_BY_A58",
    "BROWSER_NOT_EXECUTED_BY_A58",
    "EXTERNAL_PRODUCTION_AND_SALE_GATES_NOT_PROVEN"
  ],
  "globalDecision": "NO_GO",
  "live": false,
  "liveProven": false,
  "saleEnabled": false,
  "worldClassProven": false,
  "truthBoundary": "This R44P46 A58 adapter proves only the canonical current SOURCE root and manifest binding. It grants no exact build, Browser, LIVE, production, sale, external, or historical recovery credit."
}
