{
  "schemaVersion": "velmere.pass36.a102r44p46.current-source-authority-verification.v1",
  "status": "PASS_A102R44P46_CURRENT_SOURCE_AUTHORITY_EXACT_NO_LIVE_OR_SALE_CREDIT",
  "revisionId": "VELMERE_PASS36_A102R44P46_ACTION_REQUIRED_LEGACY_MULTIPLICATION_ECONOMIC_SINK_TRUTH_REBASE_NO_LIVE_CREDIT",
  "parentRevisionId": "VELMERE_PASS36_A102R44P45_ACTION_REQUIRED_CONTINUOUS_CURRENT_STATE_CONTEXT_QUALIFIED_INTERACTION_ORDERING_PUBLIC_CONTROL_DELTA_NO_LIVE_CREDIT",
  "manifestPath": "_velmere/PASS36_A102R44P46_SOURCE_ONLY_MANIFEST.json",
  "manifestSchema": "velmere.pass36.a102r44p46.source-manifest.v1",
  "manifestFileSha256": "1214d67066c228e0a60cf0bc1dda34b6cb184b011f411f49686d07ee8bc23229",
  "manifestSha256": "7e815edb7c6ddc0097009b5046787e2dd2dc6c6002990b33b96c0c3db1b6e28b",
  "sourceFingerprint": "fb12b722c3d6e87e435189660fe0f850b1c87980dab931f4ff2cc68f31caa610",
  "payload": {
    "fileCount": 6665,
    "byteLength": 195238242,
    "pathSetSha256": "ab7049a056d7a9428c72455603a7dccfe326cce206ec3ef081201698653b6feb",
    "aggregateSha256": "fb12b722c3d6e87e435189660fe0f850b1c87980dab931f4ff2cc68f31caa610"
  },
  "mismatches": [],
  "rejected": [],
  "globalDecision": "NO_GO",
  "LIVE": false,
  "live": false,
  "liveProven": false,
  "saleEnabled": false,
  "productionApproved": false,
  "worldClassProven": false
}
